21:04:49 **** Incremental Build of configuration Debug for project Blinking_led_union_approach ****
make -j8 all 
arm-none-eabi-gcc "../Src/main.c" -mcpu=cortex-m3 -std=gnu11 -g3 -DSTM32 -DSTM32F1 -DSTM32F103C6Tx -DDEBUG -c -I../Inc -O0 -ffunction-sections -fdata-sections -Wall -fstack-usage -MMD -MP -MF"Src/main.d" -MT"Src/main.o" --specs=nano.specs -mfloat-abi=soft -mthumb -o "Src/main.o"
arm-none-eabi-gcc -o "Blinking_led_union_approach.elf" @"objects.list"   -mcpu=cortex-m3 -T"C:\Users\Hazem\Desktop\learn_in_depth\learn_in_depth_progress\Embedded_C\homework1\Blinking_led_union_approach\STM32F103C6TX_FLASH.ld" --specs=nosys.specs -Wl,-Map="Blinking_led_union_approach.map" -Wl,--gc-sections -static --specs=nano.specs -mfloat-abi=soft -mthumb -Wl,--start-group -lc -lm -Wl,--end-group
Finished building target: Blinking_led_union_approach.elf
 
arm-none-eabi-objdump -h -S  Blinking_led_union_approach.elf  > "Blinking_led_union_approach.list"
arm-none-eabi-objcopy  -O ihex  Blinking_led_union_approach.elf  "Blinking_led_union_approach.hex"
arm-none-eabi-objcopy  -O binary  Blinking_led_union_approach.elf  "Blinking_led_union_approach.bin"
arm-none-eabi-size   Blinking_led_union_approach.elf 
   text	   data	    bss	    dec	    hex	filename
    656	     12	   1564	   2232	    8b8	Blinking_led_union_approach.elf
Finished building: default.size.stdout
 
Finished building: Blinking_led_union_approach.hex
Finished building: Blinking_led_union_approach.bin
Finished building: Blinking_led_union_approach.list
 
 
 

21:04:50 Build Finished. 0 errors, 0 warnings. (took 540ms)

