
Memory Configuration

Name             Origin             Length             Attributes
MEM              0x00000000         0x04000000         xrw
*default*        0x00000000         0xffffffff

Linker script and memory map

                0x00010000                . = 0x10000

.startup        0x00010000       0x10
 startup.o(.text)
 .text          0x00010000       0x10 startup.o
                0x00010000                RESET

.text           0x00010010       0xfc
 *(.text)
 .text          0x00010010       0x50 main.o
                0x00010010                PRINT_EXIT_CODE
                0x00010040                main
 .text          0x00010060       0xac uart.o
                0x00010060                UART_SEND_CHAR
                0x00010090                UART_SEND_INT
                0x000100bc                UART_SEND_STRING

.glue_7         0x0001010c        0x0
 .glue_7        0x00000000        0x0 linker stubs

.glue_7t        0x0001010c        0x0
 .glue_7t       0x00000000        0x0 linker stubs

.vfp11_veneer   0x0001010c        0x0
 .vfp11_veneer  0x00000000        0x0 linker stubs

.v4_bx          0x0001010c        0x0
 .v4_bx         0x00000000        0x0 linker stubs

.iplt           0x0001010c        0x0
 .iplt          0x00000000        0x0 startup.o

.rodata         0x0001010c       0x30
 *(.rodata)
 .rodata        0x0001010c       0x30 main.o

.rel.dyn        0x0001013c        0x0
 .rel.iplt      0x00000000        0x0 startup.o

.data           0x0001013c        0x0
 *(.data)
 .data          0x0001013c        0x0 startup.o
 .data          0x0001013c        0x0 main.o
 .data          0x0001013c        0x0 uart.o

.igot.plt       0x0001013c        0x0
 .igot.plt      0x00000000        0x0 startup.o

.bss            0x0001013c        0x0
 *(.bss)
 .bss           0x0001013c        0x0 startup.o
 .bss           0x0001013c        0x0 main.o
 .bss           0x0001013c        0x0 uart.o
                0x0001113c                . = (. + 0x1000)
                0x0001113c                STACK_TOP = .
LOAD main.o
LOAD uart.o
LOAD startup.o
OUTPUT(test.elf elf32-littlearm)

.ARM.attributes
                0x00000000       0x2e
 .ARM.attributes
                0x00000000       0x22 startup.o
 .ARM.attributes
                0x00000022       0x32 main.o
 .ARM.attributes
                0x00000054       0x32 uart.o

.comment        0x00000000       0x11
 .comment       0x00000000       0x11 main.o
                                 0x12 (size before relaxing)
 .comment       0x00000000       0x12 uart.o
